// Jest Snapshot v1, https://goo.gl/fbAQLP

exports[`should work! 1`] = `
"var a = {
  color: 'red'
};
<div style={__mergeObject(a, {
  color: 'gray'
})}></div>;

function __mergeObject(...args) {
  return args.reduce((obj, next) => {
    obj = Object.assign(Object.assign({}, obj), next);
    return obj;
  }, {});
}"
`;
